{
    "CrossLanguagePackageId": null,
    "CrossLanguageDefinitionId": {
        "constants.models.ModelAsStringNoRequiredOneValueDefault": null,
        "constants.models.ModelAsStringNoRequiredOneValueNoDefault": null,
        "constants.models.ModelAsStringNoRequiredTwoValueDefault": null,
        "constants.models.ModelAsStringNoRequiredTwoValueNoDefault": null,
        "constants.models.ModelAsStringRequiredOneValueDefault": null,
        "constants.models.ModelAsStringRequiredOneValueNoDefault": null,
        "constants.models.ModelAsStringRequiredTwoValueDefault": null,
        "constants.models.ModelAsStringRequiredTwoValueNoDefault": null,
        "constants.models.NoModelAsStringNoRequiredOneValueDefault": null,
        "constants.models.NoModelAsStringNoRequiredOneValueNoDefault": null,
        "constants.models.NoModelAsStringNoRequiredTwoValueDefault": null,
        "constants.models.NoModelAsStringNoRequiredTwoValueNoDefault": null,
        "constants.models.NoModelAsStringRequiredOneValueDefault": null,
        "constants.models.NoModelAsStringRequiredOneValueNoDefault": null,
        "constants.models.NoModelAsStringRequiredTwoValueDefault": null,
        "constants.models.NoModelAsStringRequiredTwoValueNoDefault": null,
        "constants.models.ModelAsStringNoRequiredTwoValueNoDefaultOpEnum": null,
        "constants.models.ModelAsStringNoRequiredTwoValueDefaultOpEnum": null,
        "constants.models.ModelAsStringNoRequiredOneValueNoDefaultOpEnum": null,
        "constants.models.ModelAsStringNoRequiredOneValueDefaultOpEnum": null,
        "constants.models.ModelAsStringRequiredTwoValueNoDefaultOpEnum": null,
        "constants.models.ModelAsStringRequiredTwoValueDefaultOpEnum": null,
        "constants.models.ModelAsStringRequiredOneValueNoDefaultOpEnum": null,
        "constants.models.ModelAsStringRequiredOneValueDefaultOpEnum": null,
        "constants.models.ModelAsStringNoRequiredTwoValueNoDefaultEnum": null,
        "constants.models.ModelAsStringNoRequiredTwoValueDefaultEnum": null,
        "constants.models.ModelAsStringNoRequiredOneValueNoDefaultEnum": null,
        "constants.models.ModelAsStringNoRequiredOneValueDefaultEnum": null,
        "constants.models.ModelAsStringRequiredTwoValueNoDefaultEnum": null,
        "constants.models.ModelAsStringRequiredTwoValueDefaultEnum": null,
        "constants.models.ModelAsStringRequiredOneValueNoDefaultEnum": null,
        "constants.models.ModelAsStringRequiredOneValueDefaultEnum": null,
        "constants.models.NoModelAsStringNoRequiredTwoValueNoDefaultEnum": null,
        "constants.models.NoModelAsStringNoRequiredTwoValueDefaultEnum": null,
        "constants.models.NoModelAsStringRequiredTwoValueNoDefaultEnum": null,
        "constants.models.NoModelAsStringRequiredTwoValueDefaultEnum": null,
        "constants.models.NoModelAsStringNoRequiredTwoValueNoDefaultOpEnum": null,
        "constants.models.NoModelAsStringNoRequiredTwoValueDefaultOpEnum": null,
        "constants.models.NoModelAsStringRequiredTwoValueNoDefaultOpEnum": null,
        "constants.models.NoModelAsStringRequiredTwoValueDefaultOpEnum": null,
        "constants.operations.ContantsOperations.put_no_model_as_string_no_required_two_value_no_default": null,
        "constants.aio.operations.ContantsOperations.put_no_model_as_string_no_required_two_value_no_default": null,
        "constants.operations.ContantsOperations.put_no_model_as_string_no_required_two_value_default": null,
        "constants.aio.operations.ContantsOperations.put_no_model_as_string_no_required_two_value_default": null,
        "constants.operations.ContantsOperations.put_no_model_as_string_no_required_one_value_no_default": null,
        "constants.aio.operations.ContantsOperations.put_no_model_as_string_no_required_one_value_no_default": null,
        "constants.operations.ContantsOperations.put_no_model_as_string_no_required_one_value_default": null,
        "constants.aio.operations.ContantsOperations.put_no_model_as_string_no_required_one_value_default": null,
        "constants.operations.ContantsOperations.put_no_model_as_string_required_two_value_no_default": null,
        "constants.aio.operations.ContantsOperations.put_no_model_as_string_required_two_value_no_default": null,
        "constants.operations.ContantsOperations.put_no_model_as_string_required_two_value_default": null,
        "constants.aio.operations.ContantsOperations.put_no_model_as_string_required_two_value_default": null,
        "constants.operations.ContantsOperations.put_no_model_as_string_required_one_value_no_default": null,
        "constants.aio.operations.ContantsOperations.put_no_model_as_string_required_one_value_no_default": null,
        "constants.operations.ContantsOperations.put_no_model_as_string_required_one_value_default": null,
        "constants.aio.operations.ContantsOperations.put_no_model_as_string_required_one_value_default": null,
        "constants.operations.ContantsOperations.put_model_as_string_no_required_two_value_no_default": null,
        "constants.aio.operations.ContantsOperations.put_model_as_string_no_required_two_value_no_default": null,
        "constants.operations.ContantsOperations.put_model_as_string_no_required_two_value_default": null,
        "constants.aio.operations.ContantsOperations.put_model_as_string_no_required_two_value_default": null,
        "constants.operations.ContantsOperations.put_model_as_string_no_required_one_value_no_default": null,
        "constants.aio.operations.ContantsOperations.put_model_as_string_no_required_one_value_no_default": null,
        "constants.operations.ContantsOperations.put_model_as_string_no_required_one_value_default": null,
        "constants.aio.operations.ContantsOperations.put_model_as_string_no_required_one_value_default": null,
        "constants.operations.ContantsOperations.put_model_as_string_required_two_value_no_default": null,
        "constants.aio.operations.ContantsOperations.put_model_as_string_required_two_value_no_default": null,
        "constants.operations.ContantsOperations.put_model_as_string_required_two_value_default": null,
        "constants.aio.operations.ContantsOperations.put_model_as_string_required_two_value_default": null,
        "constants.operations.ContantsOperations.put_model_as_string_required_one_value_no_default": null,
        "constants.aio.operations.ContantsOperations.put_model_as_string_required_one_value_no_default": null,
        "constants.operations.ContantsOperations.put_model_as_string_required_one_value_default": null,
        "constants.aio.operations.ContantsOperations.put_model_as_string_required_one_value_default": null,
        "constants.operations.ContantsOperations.put_client_constants": null,
        "constants.aio.operations.ContantsOperations.put_client_constants": null
    }
}