{
    "CrossLanguagePackageId": null,
    "CrossLanguageDefinitionId": {
        "multiapicustombaseurl.v2.models.Error": null,
        "multiapicustombaseurl.v2.MultiapiCustomBaseUrlServiceClient.test": null,
        "multiapicustombaseurl.v2.aio.MultiapiCustomBaseUrlServiceClient.test": null
    }
}