{
    "CrossLanguagePackageId": null,
    "CrossLanguageDefinitionId": {
        "mergepatchjsonversiontolerant.MergePatchJsonClient.patch_single": null,
        "mergepatchjsonversiontolerant.aio.MergePatchJsonClient.patch_single": null
    }
}