{
    "CrossLanguagePackageId": null,
    "CrossLanguageDefinitionId": {
        "custombaseurlversiontolerant.operations.PathsOperations.get_empty": null,
        "custombaseurlversiontolerant.aio.operations.PathsOperations.get_empty": null
    }
}