{
    "chosen_version": "0.0.0",
    "total_api_version_list": ["0.0.0"],
    "client": {
        "name": "AutoRestPagingTestService",
        "filename": "_auto_rest_paging_test_service",
        "description": "Long-running Operation for AutoRest.",
        "host_value": "\"http://localhost:3000\"",
        "parameterized_host_template": null,
        "azure_arm": false,
        "has_lro_operations": true,
        "client_side_validation": false,
        "sync_imports": "{\"conditional\": {\"stdlib\": {\"typing\": [\"Any\", \"Optional\"]}}, \"regular\": {\"azurecore\": {\"azure.core\": [\"PipelineClient\"], \"azure.profiles\": [\"KnownProfiles\", \"ProfileDefinition\"], \"azure.profiles.multiapiclient\": [\"MultiApiClientMixin\"]}, \"local\": {\"._configuration\": [\"AutoRestPagingTestServiceConfiguration\"], \".._serialization\": [\"Deserializer\", \"Serializer\"]}}}",
        "async_imports": "{\"conditional\": {\"stdlib\": {\"typing\": [\"Any\", \"Optional\"]}}, \"regular\": {\"azurecore\": {\"azure.core\": [\"AsyncPipelineClient\"], \"azure.profiles\": [\"KnownProfiles\", \"ProfileDefinition\"], \"azure.profiles.multiapiclient\": [\"MultiApiClientMixin\"]}, \"local\": {\"._configuration\": [\"AutoRestPagingTestServiceConfiguration\"], \"..._serialization\": [\"Deserializer\", \"Serializer\"]}}}"
    },
    "global_parameters": {
        "sync": {
        },
        "async": {
        },
        "constant": {
        },
        "call": "",
        "service_client_specific": {
            "sync": {
                "api_version": {
                    "signature": "api_version=None, # type: Optional[str]",
                    "description": "API version to use if no profile is provided, or if missing in profile.",
                    "docstring_type": "str",
                    "required": false
                },
                "base_url": {
                    "signature": "base_url: str = \"http://localhost:3000\",",
                    "description": "Service URL",
                    "docstring_type": "str",
                    "required": false
                },
                "profile": {
                    "signature": "profile=KnownProfiles.default, # type: KnownProfiles",
                    "description": "A profile definition, from KnownProfiles to dict.",
                    "docstring_type": "azure.profiles.KnownProfiles",
                    "required": false
                }
            },
            "async": {
                "api_version": {
                    "signature": "api_version: Optional[str] = None,",
                    "description": "API version to use if no profile is provided, or if missing in profile.",
                    "docstring_type": "str",
                    "required": false
                },
                "base_url": {
                    "signature": "base_url: str = \"http://localhost:3000\",",
                    "description": "Service URL",
                    "docstring_type": "str",
                    "required": false
                },
                "profile": {
                    "signature": "profile: KnownProfiles = KnownProfiles.default,",
                    "description": "A profile definition, from KnownProfiles to dict.",
                    "docstring_type": "azure.profiles.KnownProfiles",
                    "required": false
                }
            }
        }
    },
    "config": {
        "credential": false,
        "credential_scopes": null,
        "credential_call_sync": null,
        "credential_call_async": null,
        "sync_imports": "{\"regular\": {\"azurecore\": {\"azure.core.configuration\": [\"Configuration\"], \"azure.core.pipeline\": [\"policies\"]}, \"local\": {\"._version\": [\"VERSION\"]}}, \"conditional\": {\"stdlib\": {\"typing\": [\"Any\"]}}}",
        "async_imports": "{\"regular\": {\"azurecore\": {\"azure.core.configuration\": [\"Configuration\"], \"azure.core.pipeline\": [\"policies\"]}, \"local\": {\".._version\": [\"VERSION\"]}}, \"conditional\": {\"stdlib\": {\"typing\": [\"Any\"]}}}"
    },
    "operation_groups": {
        "paging": "PagingOperations"
    }
}