{
    "chosen_version": "2.0.0",
    "total_api_version_list": ["2.0.0"],
    "client": {
        "name": "MultiapiServiceClient",
        "filename": "_multiapi_service_client",
        "description": "Service client for multiapi client testing."
    },
    "global_parameters": {
        "sync_method": {
            "credential": {
                "method_signature": "credential,  # type: \"TokenCredential\"",
                "description": "Credential needed for the client to connect to Azure.",
                "docstring_type": "~azure.core.credentials.TokenCredential",
                "required": true
            }
        },
        "async_method": {
            "credential": {
                "method_signature": "credential,  # type: \"AsyncTokenCredential\"",
                "description": "Credential needed for the client to connect to Azure.",
                "docstring_type": "~azure.core.credentials_async.AsyncTokenCredential",
                "required": true
            }
        },
        "constant": {
        },
        "call": "credential"
    },
    "config": {
        "credential": true,
        "credential_scopes": []
    },
    "operation_groups": {
        "operation_group_one": "OperationGroupOneOperations",
        "operation_group_two": "OperationGroupTwoOperations"
    },
    "operation_mixins": {
        "test_one" : {
            "sync": {
                "operation_name": "test_one",
                "signature": "def test_one(\n    self,\n    id,  # type: int\n    message=None,  # type: Optional[str]\n    **kwargs  # type: Any\n):\n"
            },
            "async": {
                "operation_name": "test_one",
                "signature": "async def test_one(\n    self,\n    id: int,\n    message: Optional[str] = None,\n    **kwargs\n) -\u003e \"models.ModelTwo\":\n",
                "coroutine": true
            },
            "doc": "    \"\"\"TestOne should be in an SecondVersionOperationsMixin. Returns ModelTwo.\n\n:param id: An int parameter.\n:type id: int\n:param message: An optional string parameter.\n:type message: str\n:keyword callable cls: A custom type or function that will be passed the direct response\n:return: ModelTwo or the result of cls(response)\n:rtype: ~multiapiwithsubmodule.submodule.v2.models.ModelTwo\n:raises: ~azure.core.exceptions.HttpResponseError\n\"\"\"",
            "call": "id, message"
        }
    },
    "sync_imports": "from typing import TYPE_CHECKING\nimport warnings\n\nfrom azure.core.exceptions import HttpResponseError, ResourceExistsError, ResourceNotFoundError, map_error\nfrom azure.core.pipeline import PipelineResponse\nfrom azure.core.pipeline.transport import HttpRequest, HttpResponse\n\nif TYPE_CHECKING:\n    # pylint: disable=unused-import,ungrouped-imports\n    from typing import Any, Callable, Dict, Generic, Optional, TypeVar",
    "async_imports": "from typing import Any, Callable, Dict, Generic, Optional, TypeVar\nimport warnings\n\nfrom azure.core.exceptions import HttpResponseError, ResourceExistsError, ResourceNotFoundError, map_error\nfrom azure.core.pipeline import PipelineResponse\nfrom azure.core.pipeline.transport import AsyncHttpResponse, HttpRequest"
}