{
    "CrossLanguagePackageId": null,
    "CrossLanguageDefinitionId": {
        "mixedapiversion.models.Error": null,
        "mixedapiversion.models.HeaderCustomNamedRequestIdParamGroupingParameters": null,
        "mixedapiversion.models.OdataFilter": null,
        "mixedapiversion.operations.HttpSuccessOperations.head200": null,
        "mixedapiversion.aio.operations.HttpSuccessOperations.head200": null,
        "mixedapiversion.operations.HttpSuccessOperations.head204": null,
        "mixedapiversion.aio.operations.HttpSuccessOperations.head204": null,
        "mixedapiversion.operations.HttpSuccessOperations.head404": null,
        "mixedapiversion.aio.operations.HttpSuccessOperations.head404": null,
        "mixedapiversion.operations.XMsClientRequestIdOperations.get": null,
        "mixedapiversion.aio.operations.XMsClientRequestIdOperations.get": null,
        "mixedapiversion.operations.XMsClientRequestIdOperations.param_get": null,
        "mixedapiversion.aio.operations.XMsClientRequestIdOperations.param_get": null,
        "mixedapiversion.operations.SubscriptionInCredentialsOperations.post_method_global_valid": null,
        "mixedapiversion.aio.operations.SubscriptionInCredentialsOperations.post_method_global_valid": null,
        "mixedapiversion.operations.SubscriptionInCredentialsOperations.post_method_global_null": null,
        "mixedapiversion.aio.operations.SubscriptionInCredentialsOperations.post_method_global_null": null,
        "mixedapiversion.operations.SubscriptionInCredentialsOperations.post_method_global_not_provided_valid": null,
        "mixedapiversion.aio.operations.SubscriptionInCredentialsOperations.post_method_global_not_provided_valid": null,
        "mixedapiversion.operations.SubscriptionInCredentialsOperations.post_path_global_valid": null,
        "mixedapiversion.aio.operations.SubscriptionInCredentialsOperations.post_path_global_valid": null,
        "mixedapiversion.operations.SubscriptionInCredentialsOperations.post_swagger_global_valid": null,
        "mixedapiversion.aio.operations.SubscriptionInCredentialsOperations.post_swagger_global_valid": null,
        "mixedapiversion.operations.SubscriptionInMethodOperations.post_method_local_valid": null,
        "mixedapiversion.aio.operations.SubscriptionInMethodOperations.post_method_local_valid": null,
        "mixedapiversion.operations.SubscriptionInMethodOperations.post_method_local_null": null,
        "mixedapiversion.aio.operations.SubscriptionInMethodOperations.post_method_local_null": null,
        "mixedapiversion.operations.SubscriptionInMethodOperations.post_path_local_valid": null,
        "mixedapiversion.aio.operations.SubscriptionInMethodOperations.post_path_local_valid": null,
        "mixedapiversion.operations.SubscriptionInMethodOperations.post_swagger_local_valid": null,
        "mixedapiversion.aio.operations.SubscriptionInMethodOperations.post_swagger_local_valid": null,
        "mixedapiversion.operations.ApiVersionDefaultOperations.get_method_global_valid": null,
        "mixedapiversion.aio.operations.ApiVersionDefaultOperations.get_method_global_valid": null,
        "mixedapiversion.operations.ApiVersionDefaultOperations.get_method_global_not_provided_valid": null,
        "mixedapiversion.aio.operations.ApiVersionDefaultOperations.get_method_global_not_provided_valid": null,
        "mixedapiversion.operations.ApiVersionDefaultOperations.get_path_global_valid": null,
        "mixedapiversion.aio.operations.ApiVersionDefaultOperations.get_path_global_valid": null,
        "mixedapiversion.operations.ApiVersionDefaultOperations.get_swagger_global_valid": null,
        "mixedapiversion.aio.operations.ApiVersionDefaultOperations.get_swagger_global_valid": null,
        "mixedapiversion.operations.ApiVersionLocalOperations.get_method_local_valid": null,
        "mixedapiversion.aio.operations.ApiVersionLocalOperations.get_method_local_valid": null,
        "mixedapiversion.operations.ApiVersionLocalOperations.get_method_local_null": null,
        "mixedapiversion.aio.operations.ApiVersionLocalOperations.get_method_local_null": null,
        "mixedapiversion.operations.ApiVersionLocalOperations.get_path_local_valid": null,
        "mixedapiversion.aio.operations.ApiVersionLocalOperations.get_path_local_valid": null,
        "mixedapiversion.operations.ApiVersionLocalOperations.get_swagger_local_valid": null,
        "mixedapiversion.aio.operations.ApiVersionLocalOperations.get_swagger_local_valid": null,
        "mixedapiversion.operations.SkipUrlEncodingOperations.get_method_path_valid": null,
        "mixedapiversion.aio.operations.SkipUrlEncodingOperations.get_method_path_valid": null,
        "mixedapiversion.operations.SkipUrlEncodingOperations.get_path_valid": null,
        "mixedapiversion.aio.operations.SkipUrlEncodingOperations.get_path_valid": null,
        "mixedapiversion.operations.SkipUrlEncodingOperations.get_swagger_path_valid": null,
        "mixedapiversion.aio.operations.SkipUrlEncodingOperations.get_swagger_path_valid": null,
        "mixedapiversion.operations.SkipUrlEncodingOperations.get_method_query_valid": null,
        "mixedapiversion.aio.operations.SkipUrlEncodingOperations.get_method_query_valid": null,
        "mixedapiversion.operations.SkipUrlEncodingOperations.get_method_query_null": null,
        "mixedapiversion.aio.operations.SkipUrlEncodingOperations.get_method_query_null": null,
        "mixedapiversion.operations.SkipUrlEncodingOperations.get_path_query_valid": null,
        "mixedapiversion.aio.operations.SkipUrlEncodingOperations.get_path_query_valid": null,
        "mixedapiversion.operations.SkipUrlEncodingOperations.get_swagger_query_valid": null,
        "mixedapiversion.aio.operations.SkipUrlEncodingOperations.get_swagger_query_valid": null,
        "mixedapiversion.operations.OdataOperations.get_with_filter": null,
        "mixedapiversion.aio.operations.OdataOperations.get_with_filter": null,
        "mixedapiversion.operations.HeaderOperations.custom_named_request_id": null,
        "mixedapiversion.aio.operations.HeaderOperations.custom_named_request_id": null,
        "mixedapiversion.operations.HeaderOperations.custom_named_request_id_param_grouping": null,
        "mixedapiversion.aio.operations.HeaderOperations.custom_named_request_id_param_grouping": null,
        "mixedapiversion.operations.HeaderOperations.custom_named_request_id_head": null,
        "mixedapiversion.aio.operations.HeaderOperations.custom_named_request_id_head": null
    }
}