{
    "CrossLanguagePackageId": null,
    "CrossLanguageDefinitionId": {
        "custombaseurl.models.Error": null,
        "custombaseurl.operations.PathsOperations.get_empty": null,
        "custombaseurl.aio.operations.PathsOperations.get_empty": null
    }
}