{
    "CrossLanguagePackageId": null,
    "CrossLanguageDefinitionId": {
        "multiapisecurity.v0.models.Error": null,
        "multiapisecurity.v0.models.PagingResult": null,
        "multiapisecurity.v0.models.Product": null,
        "multiapisecurity.v0.operations.OperationGroupOneOperations.test_two": null,
        "multiapisecurity.v0.aio.operations.OperationGroupOneOperations.test_two": null
    }
}