{
    "CrossLanguagePackageId": null,
    "CrossLanguageDefinitionId": {
        "azurespecialproperties.models.Error": null,
        "azurespecialproperties.models.HeaderCustomNamedRequestIdParamGroupingParameters": null,
        "azurespecialproperties.models.OdataFilter": null,
        "azurespecialproperties.operations.XMsClientRequestIdOperations.get": null,
        "azurespecialproperties.aio.operations.XMsClientRequestIdOperations.get": null,
        "azurespecialproperties.operations.XMsClientRequestIdOperations.param_get": null,
        "azurespecialproperties.aio.operations.XMsClientRequestIdOperations.param_get": null,
        "azurespecialproperties.operations.SubscriptionInCredentialsOperations.post_method_global_valid": null,
        "azurespecialproperties.aio.operations.SubscriptionInCredentialsOperations.post_method_global_valid": null,
        "azurespecialproperties.operations.SubscriptionInCredentialsOperations.post_method_global_null": null,
        "azurespecialproperties.aio.operations.SubscriptionInCredentialsOperations.post_method_global_null": null,
        "azurespecialproperties.operations.SubscriptionInCredentialsOperations.post_method_global_not_provided_valid": null,
        "azurespecialproperties.aio.operations.SubscriptionInCredentialsOperations.post_method_global_not_provided_valid": null,
        "azurespecialproperties.operations.SubscriptionInCredentialsOperations.post_path_global_valid": null,
        "azurespecialproperties.aio.operations.SubscriptionInCredentialsOperations.post_path_global_valid": null,
        "azurespecialproperties.operations.SubscriptionInCredentialsOperations.post_swagger_global_valid": null,
        "azurespecialproperties.aio.operations.SubscriptionInCredentialsOperations.post_swagger_global_valid": null,
        "azurespecialproperties.operations.SubscriptionInMethodOperations.post_method_local_valid": null,
        "azurespecialproperties.aio.operations.SubscriptionInMethodOperations.post_method_local_valid": null,
        "azurespecialproperties.operations.SubscriptionInMethodOperations.post_method_local_null": null,
        "azurespecialproperties.aio.operations.SubscriptionInMethodOperations.post_method_local_null": null,
        "azurespecialproperties.operations.SubscriptionInMethodOperations.post_path_local_valid": null,
        "azurespecialproperties.aio.operations.SubscriptionInMethodOperations.post_path_local_valid": null,
        "azurespecialproperties.operations.SubscriptionInMethodOperations.post_swagger_local_valid": null,
        "azurespecialproperties.aio.operations.SubscriptionInMethodOperations.post_swagger_local_valid": null,
        "azurespecialproperties.operations.ApiVersionDefaultOperations.get_method_global_valid": null,
        "azurespecialproperties.aio.operations.ApiVersionDefaultOperations.get_method_global_valid": null,
        "azurespecialproperties.operations.ApiVersionDefaultOperations.get_method_global_not_provided_valid": null,
        "azurespecialproperties.aio.operations.ApiVersionDefaultOperations.get_method_global_not_provided_valid": null,
        "azurespecialproperties.operations.ApiVersionDefaultOperations.get_path_global_valid": null,
        "azurespecialproperties.aio.operations.ApiVersionDefaultOperations.get_path_global_valid": null,
        "azurespecialproperties.operations.ApiVersionDefaultOperations.get_swagger_global_valid": null,
        "azurespecialproperties.aio.operations.ApiVersionDefaultOperations.get_swagger_global_valid": null,
        "azurespecialproperties.operations.ApiVersionLocalOperations.get_method_local_valid": null,
        "azurespecialproperties.aio.operations.ApiVersionLocalOperations.get_method_local_valid": null,
        "azurespecialproperties.operations.ApiVersionLocalOperations.get_method_local_null": null,
        "azurespecialproperties.aio.operations.ApiVersionLocalOperations.get_method_local_null": null,
        "azurespecialproperties.operations.ApiVersionLocalOperations.get_path_local_valid": null,
        "azurespecialproperties.aio.operations.ApiVersionLocalOperations.get_path_local_valid": null,
        "azurespecialproperties.operations.ApiVersionLocalOperations.get_swagger_local_valid": null,
        "azurespecialproperties.aio.operations.ApiVersionLocalOperations.get_swagger_local_valid": null,
        "azurespecialproperties.operations.SkipUrlEncodingOperations.get_method_path_valid": null,
        "azurespecialproperties.aio.operations.SkipUrlEncodingOperations.get_method_path_valid": null,
        "azurespecialproperties.operations.SkipUrlEncodingOperations.get_path_valid": null,
        "azurespecialproperties.aio.operations.SkipUrlEncodingOperations.get_path_valid": null,
        "azurespecialproperties.operations.SkipUrlEncodingOperations.get_swagger_path_valid": null,
        "azurespecialproperties.aio.operations.SkipUrlEncodingOperations.get_swagger_path_valid": null,
        "azurespecialproperties.operations.SkipUrlEncodingOperations.get_method_query_valid": null,
        "azurespecialproperties.aio.operations.SkipUrlEncodingOperations.get_method_query_valid": null,
        "azurespecialproperties.operations.SkipUrlEncodingOperations.get_method_query_null": null,
        "azurespecialproperties.aio.operations.SkipUrlEncodingOperations.get_method_query_null": null,
        "azurespecialproperties.operations.SkipUrlEncodingOperations.get_path_query_valid": null,
        "azurespecialproperties.aio.operations.SkipUrlEncodingOperations.get_path_query_valid": null,
        "azurespecialproperties.operations.SkipUrlEncodingOperations.get_swagger_query_valid": null,
        "azurespecialproperties.aio.operations.SkipUrlEncodingOperations.get_swagger_query_valid": null,
        "azurespecialproperties.operations.OdataOperations.get_with_filter": null,
        "azurespecialproperties.aio.operations.OdataOperations.get_with_filter": null,
        "azurespecialproperties.operations.HeaderOperations.custom_named_request_id": null,
        "azurespecialproperties.aio.operations.HeaderOperations.custom_named_request_id": null,
        "azurespecialproperties.operations.HeaderOperations.custom_named_request_id_param_grouping": null,
        "azurespecialproperties.aio.operations.HeaderOperations.custom_named_request_id_param_grouping": null,
        "azurespecialproperties.operations.HeaderOperations.custom_named_request_id_head": null,
        "azurespecialproperties.aio.operations.HeaderOperations.custom_named_request_id_head": null
    }
}