{
    "CrossLanguagePackageId": null,
    "CrossLanguageDefinitionId": {
        "multiapiwithsubmodule.submodule.v3.models.Error": null,
        "multiapiwithsubmodule.submodule.v3.models.ModelThree": null,
        "multiapiwithsubmodule.submodule.v3.models.PagingResult": null,
        "multiapiwithsubmodule.submodule.v3.models.SourcePath": null,
        "multiapiwithsubmodule.submodule.v3.models.ContentType": null,
        "multiapiwithsubmodule.submodule.v3.MultiapiServiceClient.test_paging": null,
        "multiapiwithsubmodule.submodule.v3.aio.MultiapiServiceClient.test_paging": null,
        "multiapiwithsubmodule.submodule.v3.MultiapiServiceClient.test_different_calls": null,
        "multiapiwithsubmodule.submodule.v3.aio.MultiapiServiceClient.test_different_calls": null,
        "multiapiwithsubmodule.submodule.v3.operations.OperationGroupOneOperations.test_operation_group_paging": null,
        "multiapiwithsubmodule.submodule.v3.aio.operations.OperationGroupOneOperations.test_operation_group_paging": null,
        "multiapiwithsubmodule.submodule.v3.operations.OperationGroupOneOperations.test_two": null,
        "multiapiwithsubmodule.submodule.v3.aio.operations.OperationGroupOneOperations.test_two": null,
        "multiapiwithsubmodule.submodule.v3.operations.OperationGroupTwoOperations.test_four": null,
        "multiapiwithsubmodule.submodule.v3.aio.operations.OperationGroupTwoOperations.test_four": null,
        "multiapiwithsubmodule.submodule.v3.operations.OperationGroupTwoOperations.test_five": null,
        "multiapiwithsubmodule.submodule.v3.aio.operations.OperationGroupTwoOperations.test_five": null
    }
}