{
    "CrossLanguagePackageId": null,
    "CrossLanguageDefinitionId": {
        "storage.models.Bar": null,
        "storage.models.CheckNameAvailabilityResult": null,
        "storage.models.CustomDomain": null,
        "storage.models.Endpoints": null,
        "storage.models.Foo": null,
        "storage.models.Resource": null,
        "storage.models.StorageAccount": null,
        "storage.models.StorageAccountCheckNameAvailabilityParameters": null,
        "storage.models.StorageAccountCreateParameters": null,
        "storage.models.StorageAccountKeys": null,
        "storage.models.StorageAccountListResult": null,
        "storage.models.StorageAccountRegenerateKeyParameters": null,
        "storage.models.StorageAccountUpdateParameters": null,
        "storage.models.SubResource": null,
        "storage.models.Usage": null,
        "storage.models.UsageListResult": null,
        "storage.models.UsageName": null,
        "storage.models.ProvisioningState": null,
        "storage.models.AccountType": null,
        "storage.models.AccountStatus": null,
        "storage.models.UsageUnit": null,
        "storage.models.Reason": null,
        "storage.models.KeyName": null,
        "storage.operations.StorageAccountsOperations.check_name_availability": null,
        "storage.aio.operations.StorageAccountsOperations.check_name_availability": null,
        "storage.operations.StorageAccountsOperations.begin_create": null,
        "storage.aio.operations.StorageAccountsOperations.begin_create": null,
        "storage.operations.StorageAccountsOperations.delete": null,
        "storage.aio.operations.StorageAccountsOperations.delete": null,
        "storage.operations.StorageAccountsOperations.get_properties": null,
        "storage.aio.operations.StorageAccountsOperations.get_properties": null,
        "storage.operations.StorageAccountsOperations.update": null,
        "storage.aio.operations.StorageAccountsOperations.update": null,
        "storage.operations.StorageAccountsOperations.list_keys": null,
        "storage.aio.operations.StorageAccountsOperations.list_keys": null,
        "storage.operations.StorageAccountsOperations.list": null,
        "storage.aio.operations.StorageAccountsOperations.list": null,
        "storage.operations.StorageAccountsOperations.list_by_resource_group": null,
        "storage.aio.operations.StorageAccountsOperations.list_by_resource_group": null,
        "storage.operations.StorageAccountsOperations.regenerate_key": null,
        "storage.aio.operations.StorageAccountsOperations.regenerate_key": null,
        "storage.operations.UsageOperations.list": null,
        "storage.aio.operations.UsageOperations.list": null
    }
}