{
    "CrossLanguagePackageId": null,
    "CrossLanguageDefinitionId": {
        "httpinfrastructure.models.MyException": null,
        "httpinfrastructure.models.B": null,
        "httpinfrastructure.models.C": null,
        "httpinfrastructure.models.D": null,
        "httpinfrastructure.models.Error": null,
        "httpinfrastructure.operations.HttpFailureOperations.get_empty_error": null,
        "httpinfrastructure.aio.operations.HttpFailureOperations.get_empty_error": null,
        "httpinfrastructure.operations.HttpFailureOperations.get_no_model_error": null,
        "httpinfrastructure.aio.operations.HttpFailureOperations.get_no_model_error": null,
        "httpinfrastructure.operations.HttpFailureOperations.get_no_model_empty": null,
        "httpinfrastructure.aio.operations.HttpFailureOperations.get_no_model_empty": null,
        "httpinfrastructure.operations.HttpSuccessOperations.head200": null,
        "httpinfrastructure.aio.operations.HttpSuccessOperations.head200": null,
        "httpinfrastructure.operations.HttpSuccessOperations.get200": null,
        "httpinfrastructure.aio.operations.HttpSuccessOperations.get200": null,
        "httpinfrastructure.operations.HttpSuccessOperations.options200": null,
        "httpinfrastructure.aio.operations.HttpSuccessOperations.options200": null,
        "httpinfrastructure.operations.HttpSuccessOperations.put200": null,
        "httpinfrastructure.aio.operations.HttpSuccessOperations.put200": null,
        "httpinfrastructure.operations.HttpSuccessOperations.patch200": null,
        "httpinfrastructure.aio.operations.HttpSuccessOperations.patch200": null,
        "httpinfrastructure.operations.HttpSuccessOperations.post200": null,
        "httpinfrastructure.aio.operations.HttpSuccessOperations.post200": null,
        "httpinfrastructure.operations.HttpSuccessOperations.delete200": null,
        "httpinfrastructure.aio.operations.HttpSuccessOperations.delete200": null,
        "httpinfrastructure.operations.HttpSuccessOperations.put201": null,
        "httpinfrastructure.aio.operations.HttpSuccessOperations.put201": null,
        "httpinfrastructure.operations.HttpSuccessOperations.post201": null,
        "httpinfrastructure.aio.operations.HttpSuccessOperations.post201": null,
        "httpinfrastructure.operations.HttpSuccessOperations.put202": null,
        "httpinfrastructure.aio.operations.HttpSuccessOperations.put202": null,
        "httpinfrastructure.operations.HttpSuccessOperations.patch202": null,
        "httpinfrastructure.aio.operations.HttpSuccessOperations.patch202": null,
        "httpinfrastructure.operations.HttpSuccessOperations.post202": null,
        "httpinfrastructure.aio.operations.HttpSuccessOperations.post202": null,
        "httpinfrastructure.operations.HttpSuccessOperations.delete202": null,
        "httpinfrastructure.aio.operations.HttpSuccessOperations.delete202": null,
        "httpinfrastructure.operations.HttpSuccessOperations.head204": null,
        "httpinfrastructure.aio.operations.HttpSuccessOperations.head204": null,
        "httpinfrastructure.operations.HttpSuccessOperations.put204": null,
        "httpinfrastructure.aio.operations.HttpSuccessOperations.put204": null,
        "httpinfrastructure.operations.HttpSuccessOperations.patch204": null,
        "httpinfrastructure.aio.operations.HttpSuccessOperations.patch204": null,
        "httpinfrastructure.operations.HttpSuccessOperations.post204": null,
        "httpinfrastructure.aio.operations.HttpSuccessOperations.post204": null,
        "httpinfrastructure.operations.HttpSuccessOperations.delete204": null,
        "httpinfrastructure.aio.operations.HttpSuccessOperations.delete204": null,
        "httpinfrastructure.operations.HttpSuccessOperations.head404": null,
        "httpinfrastructure.aio.operations.HttpSuccessOperations.head404": null,
        "httpinfrastructure.operations.HttpRedirectsOperations.head300": null,
        "httpinfrastructure.aio.operations.HttpRedirectsOperations.head300": null,
        "httpinfrastructure.operations.HttpRedirectsOperations.get300": null,
        "httpinfrastructure.aio.operations.HttpRedirectsOperations.get300": null,
        "httpinfrastructure.operations.HttpRedirectsOperations.head301": null,
        "httpinfrastructure.aio.operations.HttpRedirectsOperations.head301": null,
        "httpinfrastructure.operations.HttpRedirectsOperations.get301": null,
        "httpinfrastructure.aio.operations.HttpRedirectsOperations.get301": null,
        "httpinfrastructure.operations.HttpRedirectsOperations.put301": null,
        "httpinfrastructure.aio.operations.HttpRedirectsOperations.put301": null,
        "httpinfrastructure.operations.HttpRedirectsOperations.head302": null,
        "httpinfrastructure.aio.operations.HttpRedirectsOperations.head302": null,
        "httpinfrastructure.operations.HttpRedirectsOperations.get302": null,
        "httpinfrastructure.aio.operations.HttpRedirectsOperations.get302": null,
        "httpinfrastructure.operations.HttpRedirectsOperations.patch302": null,
        "httpinfrastructure.aio.operations.HttpRedirectsOperations.patch302": null,
        "httpinfrastructure.operations.HttpRedirectsOperations.post303": null,
        "httpinfrastructure.aio.operations.HttpRedirectsOperations.post303": null,
        "httpinfrastructure.operations.HttpRedirectsOperations.head307": null,
        "httpinfrastructure.aio.operations.HttpRedirectsOperations.head307": null,
        "httpinfrastructure.operations.HttpRedirectsOperations.get307": null,
        "httpinfrastructure.aio.operations.HttpRedirectsOperations.get307": null,
        "httpinfrastructure.operations.HttpRedirectsOperations.options307": null,
        "httpinfrastructure.aio.operations.HttpRedirectsOperations.options307": null,
        "httpinfrastructure.operations.HttpRedirectsOperations.put307": null,
        "httpinfrastructure.aio.operations.HttpRedirectsOperations.put307": null,
        "httpinfrastructure.operations.HttpRedirectsOperations.patch307": null,
        "httpinfrastructure.aio.operations.HttpRedirectsOperations.patch307": null,
        "httpinfrastructure.operations.HttpRedirectsOperations.post307": null,
        "httpinfrastructure.aio.operations.HttpRedirectsOperations.post307": null,
        "httpinfrastructure.operations.HttpRedirectsOperations.delete307": null,
        "httpinfrastructure.aio.operations.HttpRedirectsOperations.delete307": null,
        "httpinfrastructure.operations.HttpClientFailureOperations.head400": null,
        "httpinfrastructure.aio.operations.HttpClientFailureOperations.head400": null,
        "httpinfrastructure.operations.HttpClientFailureOperations.get400": null,
        "httpinfrastructure.aio.operations.HttpClientFailureOperations.get400": null,
        "httpinfrastructure.operations.HttpClientFailureOperations.options400": null,
        "httpinfrastructure.aio.operations.HttpClientFailureOperations.options400": null,
        "httpinfrastructure.operations.HttpClientFailureOperations.put400": null,
        "httpinfrastructure.aio.operations.HttpClientFailureOperations.put400": null,
        "httpinfrastructure.operations.HttpClientFailureOperations.patch400": null,
        "httpinfrastructure.aio.operations.HttpClientFailureOperations.patch400": null,
        "httpinfrastructure.operations.HttpClientFailureOperations.post400": null,
        "httpinfrastructure.aio.operations.HttpClientFailureOperations.post400": null,
        "httpinfrastructure.operations.HttpClientFailureOperations.delete400": null,
        "httpinfrastructure.aio.operations.HttpClientFailureOperations.delete400": null,
        "httpinfrastructure.operations.HttpClientFailureOperations.head401": null,
        "httpinfrastructure.aio.operations.HttpClientFailureOperations.head401": null,
        "httpinfrastructure.operations.HttpClientFailureOperations.get402": null,
        "httpinfrastructure.aio.operations.HttpClientFailureOperations.get402": null,
        "httpinfrastructure.operations.HttpClientFailureOperations.options403": null,
        "httpinfrastructure.aio.operations.HttpClientFailureOperations.options403": null,
        "httpinfrastructure.operations.HttpClientFailureOperations.get403": null,
        "httpinfrastructure.aio.operations.HttpClientFailureOperations.get403": null,
        "httpinfrastructure.operations.HttpClientFailureOperations.put404": null,
        "httpinfrastructure.aio.operations.HttpClientFailureOperations.put404": null,
        "httpinfrastructure.operations.HttpClientFailureOperations.patch405": null,
        "httpinfrastructure.aio.operations.HttpClientFailureOperations.patch405": null,
        "httpinfrastructure.operations.HttpClientFailureOperations.post406": null,
        "httpinfrastructure.aio.operations.HttpClientFailureOperations.post406": null,
        "httpinfrastructure.operations.HttpClientFailureOperations.delete407": null,
        "httpinfrastructure.aio.operations.HttpClientFailureOperations.delete407": null,
        "httpinfrastructure.operations.HttpClientFailureOperations.put409": null,
        "httpinfrastructure.aio.operations.HttpClientFailureOperations.put409": null,
        "httpinfrastructure.operations.HttpClientFailureOperations.head410": null,
        "httpinfrastructure.aio.operations.HttpClientFailureOperations.head410": null,
        "httpinfrastructure.operations.HttpClientFailureOperations.get411": null,
        "httpinfrastructure.aio.operations.HttpClientFailureOperations.get411": null,
        "httpinfrastructure.operations.HttpClientFailureOperations.options412": null,
        "httpinfrastructure.aio.operations.HttpClientFailureOperations.options412": null,
        "httpinfrastructure.operations.HttpClientFailureOperations.get412": null,
        "httpinfrastructure.aio.operations.HttpClientFailureOperations.get412": null,
        "httpinfrastructure.operations.HttpClientFailureOperations.put413": null,
        "httpinfrastructure.aio.operations.HttpClientFailureOperations.put413": null,
        "httpinfrastructure.operations.HttpClientFailureOperations.patch414": null,
        "httpinfrastructure.aio.operations.HttpClientFailureOperations.patch414": null,
        "httpinfrastructure.operations.HttpClientFailureOperations.post415": null,
        "httpinfrastructure.aio.operations.HttpClientFailureOperations.post415": null,
        "httpinfrastructure.operations.HttpClientFailureOperations.get416": null,
        "httpinfrastructure.aio.operations.HttpClientFailureOperations.get416": null,
        "httpinfrastructure.operations.HttpClientFailureOperations.delete417": null,
        "httpinfrastructure.aio.operations.HttpClientFailureOperations.delete417": null,
        "httpinfrastructure.operations.HttpClientFailureOperations.head429": null,
        "httpinfrastructure.aio.operations.HttpClientFailureOperations.head429": null,
        "httpinfrastructure.operations.HttpServerFailureOperations.head501": null,
        "httpinfrastructure.aio.operations.HttpServerFailureOperations.head501": null,
        "httpinfrastructure.operations.HttpServerFailureOperations.get501": null,
        "httpinfrastructure.aio.operations.HttpServerFailureOperations.get501": null,
        "httpinfrastructure.operations.HttpServerFailureOperations.post505": null,
        "httpinfrastructure.aio.operations.HttpServerFailureOperations.post505": null,
        "httpinfrastructure.operations.HttpServerFailureOperations.delete505": null,
        "httpinfrastructure.aio.operations.HttpServerFailureOperations.delete505": null,
        "httpinfrastructure.operations.HttpRetryOperations.head408": null,
        "httpinfrastructure.aio.operations.HttpRetryOperations.head408": null,
        "httpinfrastructure.operations.HttpRetryOperations.put500": null,
        "httpinfrastructure.aio.operations.HttpRetryOperations.put500": null,
        "httpinfrastructure.operations.HttpRetryOperations.patch500": null,
        "httpinfrastructure.aio.operations.HttpRetryOperations.patch500": null,
        "httpinfrastructure.operations.HttpRetryOperations.get502": null,
        "httpinfrastructure.aio.operations.HttpRetryOperations.get502": null,
        "httpinfrastructure.operations.HttpRetryOperations.options502": null,
        "httpinfrastructure.aio.operations.HttpRetryOperations.options502": null,
        "httpinfrastructure.operations.HttpRetryOperations.post503": null,
        "httpinfrastructure.aio.operations.HttpRetryOperations.post503": null,
        "httpinfrastructure.operations.HttpRetryOperations.delete503": null,
        "httpinfrastructure.aio.operations.HttpRetryOperations.delete503": null,
        "httpinfrastructure.operations.HttpRetryOperations.put504": null,
        "httpinfrastructure.aio.operations.HttpRetryOperations.put504": null,
        "httpinfrastructure.operations.HttpRetryOperations.patch504": null,
        "httpinfrastructure.aio.operations.HttpRetryOperations.patch504": null,
        "httpinfrastructure.operations.MultipleResponsesOperations.get200_model204_no_model_default_error200_valid": null,
        "httpinfrastructure.aio.operations.MultipleResponsesOperations.get200_model204_no_model_default_error200_valid": null,
        "httpinfrastructure.operations.MultipleResponsesOperations.get200_model204_no_model_default_error204_valid": null,
        "httpinfrastructure.aio.operations.MultipleResponsesOperations.get200_model204_no_model_default_error204_valid": null,
        "httpinfrastructure.operations.MultipleResponsesOperations.get200_model204_no_model_default_error201_invalid": null,
        "httpinfrastructure.aio.operations.MultipleResponsesOperations.get200_model204_no_model_default_error201_invalid": null,
        "httpinfrastructure.operations.MultipleResponsesOperations.get200_model204_no_model_default_error202_none": null,
        "httpinfrastructure.aio.operations.MultipleResponsesOperations.get200_model204_no_model_default_error202_none": null,
        "httpinfrastructure.operations.MultipleResponsesOperations.get200_model204_no_model_default_error400_valid": null,
        "httpinfrastructure.aio.operations.MultipleResponsesOperations.get200_model204_no_model_default_error400_valid": null,
        "httpinfrastructure.operations.MultipleResponsesOperations.get200_model201_model_default_error200_valid": null,
        "httpinfrastructure.aio.operations.MultipleResponsesOperations.get200_model201_model_default_error200_valid": null,
        "httpinfrastructure.operations.MultipleResponsesOperations.get200_model201_model_default_error201_valid": null,
        "httpinfrastructure.aio.operations.MultipleResponsesOperations.get200_model201_model_default_error201_valid": null,
        "httpinfrastructure.operations.MultipleResponsesOperations.get200_model201_model_default_error400_valid": null,
        "httpinfrastructure.aio.operations.MultipleResponsesOperations.get200_model201_model_default_error400_valid": null,
        "httpinfrastructure.operations.MultipleResponsesOperations.get200_model_a201_model_c404_model_d_default_error200_valid": null,
        "httpinfrastructure.aio.operations.MultipleResponsesOperations.get200_model_a201_model_c404_model_d_default_error200_valid": null,
        "httpinfrastructure.operations.MultipleResponsesOperations.get200_model_a201_model_c404_model_d_default_error201_valid": null,
        "httpinfrastructure.aio.operations.MultipleResponsesOperations.get200_model_a201_model_c404_model_d_default_error201_valid": null,
        "httpinfrastructure.operations.MultipleResponsesOperations.get200_model_a201_model_c404_model_d_default_error404_valid": null,
        "httpinfrastructure.aio.operations.MultipleResponsesOperations.get200_model_a201_model_c404_model_d_default_error404_valid": null,
        "httpinfrastructure.operations.MultipleResponsesOperations.get200_model_a201_model_c404_model_d_default_error400_valid": null,
        "httpinfrastructure.aio.operations.MultipleResponsesOperations.get200_model_a201_model_c404_model_d_default_error400_valid": null,
        "httpinfrastructure.operations.MultipleResponsesOperations.get202_none204_none_default_error202_none": null,
        "httpinfrastructure.aio.operations.MultipleResponsesOperations.get202_none204_none_default_error202_none": null,
        "httpinfrastructure.operations.MultipleResponsesOperations.get202_none204_none_default_error204_none": null,
        "httpinfrastructure.aio.operations.MultipleResponsesOperations.get202_none204_none_default_error204_none": null,
        "httpinfrastructure.operations.MultipleResponsesOperations.get202_none204_none_default_error400_valid": null,
        "httpinfrastructure.aio.operations.MultipleResponsesOperations.get202_none204_none_default_error400_valid": null,
        "httpinfrastructure.operations.MultipleResponsesOperations.get202_none204_none_default_none202_invalid": null,
        "httpinfrastructure.aio.operations.MultipleResponsesOperations.get202_none204_none_default_none202_invalid": null,
        "httpinfrastructure.operations.MultipleResponsesOperations.get202_none204_none_default_none204_none": null,
        "httpinfrastructure.aio.operations.MultipleResponsesOperations.get202_none204_none_default_none204_none": null,
        "httpinfrastructure.operations.MultipleResponsesOperations.get202_none204_none_default_none400_none": null,
        "httpinfrastructure.aio.operations.MultipleResponsesOperations.get202_none204_none_default_none400_none": null,
        "httpinfrastructure.operations.MultipleResponsesOperations.get202_none204_none_default_none400_invalid": null,
        "httpinfrastructure.aio.operations.MultipleResponsesOperations.get202_none204_none_default_none400_invalid": null,
        "httpinfrastructure.operations.MultipleResponsesOperations.get_default_model_a200_valid": null,
        "httpinfrastructure.aio.operations.MultipleResponsesOperations.get_default_model_a200_valid": null,
        "httpinfrastructure.operations.MultipleResponsesOperations.get_default_model_a200_none": null,
        "httpinfrastructure.aio.operations.MultipleResponsesOperations.get_default_model_a200_none": null,
        "httpinfrastructure.operations.MultipleResponsesOperations.get_default_model_a400_valid": null,
        "httpinfrastructure.aio.operations.MultipleResponsesOperations.get_default_model_a400_valid": null,
        "httpinfrastructure.operations.MultipleResponsesOperations.get_default_model_a400_none": null,
        "httpinfrastructure.aio.operations.MultipleResponsesOperations.get_default_model_a400_none": null,
        "httpinfrastructure.operations.MultipleResponsesOperations.get_default_none200_invalid": null,
        "httpinfrastructure.aio.operations.MultipleResponsesOperations.get_default_none200_invalid": null,
        "httpinfrastructure.operations.MultipleResponsesOperations.get_default_none200_none": null,
        "httpinfrastructure.aio.operations.MultipleResponsesOperations.get_default_none200_none": null,
        "httpinfrastructure.operations.MultipleResponsesOperations.get_default_none400_invalid": null,
        "httpinfrastructure.aio.operations.MultipleResponsesOperations.get_default_none400_invalid": null,
        "httpinfrastructure.operations.MultipleResponsesOperations.get_default_none400_none": null,
        "httpinfrastructure.aio.operations.MultipleResponsesOperations.get_default_none400_none": null,
        "httpinfrastructure.operations.MultipleResponsesOperations.get200_model_a200_none": null,
        "httpinfrastructure.aio.operations.MultipleResponsesOperations.get200_model_a200_none": null,
        "httpinfrastructure.operations.MultipleResponsesOperations.get200_model_a200_valid": null,
        "httpinfrastructure.aio.operations.MultipleResponsesOperations.get200_model_a200_valid": null,
        "httpinfrastructure.operations.MultipleResponsesOperations.get200_model_a200_invalid": null,
        "httpinfrastructure.aio.operations.MultipleResponsesOperations.get200_model_a200_invalid": null,
        "httpinfrastructure.operations.MultipleResponsesOperations.get200_model_a400_none": null,
        "httpinfrastructure.aio.operations.MultipleResponsesOperations.get200_model_a400_none": null,
        "httpinfrastructure.operations.MultipleResponsesOperations.get200_model_a400_valid": null,
        "httpinfrastructure.aio.operations.MultipleResponsesOperations.get200_model_a400_valid": null,
        "httpinfrastructure.operations.MultipleResponsesOperations.get200_model_a400_invalid": null,
        "httpinfrastructure.aio.operations.MultipleResponsesOperations.get200_model_a400_invalid": null,
        "httpinfrastructure.operations.MultipleResponsesOperations.get200_model_a202_valid": null,
        "httpinfrastructure.aio.operations.MultipleResponsesOperations.get200_model_a202_valid": null
    }
}