{
    "CrossLanguagePackageId": null,
    "CrossLanguageDefinitionId": {
        "bodynumber.models.Error": null,
        "bodynumber.operations.NumberOperations.get_null": null,
        "bodynumber.aio.operations.NumberOperations.get_null": null,
        "bodynumber.operations.NumberOperations.get_invalid_float": null,
        "bodynumber.aio.operations.NumberOperations.get_invalid_float": null,
        "bodynumber.operations.NumberOperations.get_invalid_double": null,
        "bodynumber.aio.operations.NumberOperations.get_invalid_double": null,
        "bodynumber.operations.NumberOperations.get_invalid_decimal": null,
        "bodynumber.aio.operations.NumberOperations.get_invalid_decimal": null,
        "bodynumber.operations.NumberOperations.put_big_float": null,
        "bodynumber.aio.operations.NumberOperations.put_big_float": null,
        "bodynumber.operations.NumberOperations.get_big_float": null,
        "bodynumber.aio.operations.NumberOperations.get_big_float": null,
        "bodynumber.operations.NumberOperations.put_big_double": null,
        "bodynumber.aio.operations.NumberOperations.put_big_double": null,
        "bodynumber.operations.NumberOperations.get_big_double": null,
        "bodynumber.aio.operations.NumberOperations.get_big_double": null,
        "bodynumber.operations.NumberOperations.put_big_double_positive_decimal": null,
        "bodynumber.aio.operations.NumberOperations.put_big_double_positive_decimal": null,
        "bodynumber.operations.NumberOperations.get_big_double_positive_decimal": null,
        "bodynumber.aio.operations.NumberOperations.get_big_double_positive_decimal": null,
        "bodynumber.operations.NumberOperations.put_big_double_negative_decimal": null,
        "bodynumber.aio.operations.NumberOperations.put_big_double_negative_decimal": null,
        "bodynumber.operations.NumberOperations.get_big_double_negative_decimal": null,
        "bodynumber.aio.operations.NumberOperations.get_big_double_negative_decimal": null,
        "bodynumber.operations.NumberOperations.put_big_decimal": null,
        "bodynumber.aio.operations.NumberOperations.put_big_decimal": null,
        "bodynumber.operations.NumberOperations.get_big_decimal": null,
        "bodynumber.aio.operations.NumberOperations.get_big_decimal": null,
        "bodynumber.operations.NumberOperations.put_big_decimal_positive_decimal": null,
        "bodynumber.aio.operations.NumberOperations.put_big_decimal_positive_decimal": null,
        "bodynumber.operations.NumberOperations.get_big_decimal_positive_decimal": null,
        "bodynumber.aio.operations.NumberOperations.get_big_decimal_positive_decimal": null,
        "bodynumber.operations.NumberOperations.put_big_decimal_negative_decimal": null,
        "bodynumber.aio.operations.NumberOperations.put_big_decimal_negative_decimal": null,
        "bodynumber.operations.NumberOperations.get_big_decimal_negative_decimal": null,
        "bodynumber.aio.operations.NumberOperations.get_big_decimal_negative_decimal": null,
        "bodynumber.operations.NumberOperations.put_small_float": null,
        "bodynumber.aio.operations.NumberOperations.put_small_float": null,
        "bodynumber.operations.NumberOperations.get_small_float": null,
        "bodynumber.aio.operations.NumberOperations.get_small_float": null,
        "bodynumber.operations.NumberOperations.put_small_double": null,
        "bodynumber.aio.operations.NumberOperations.put_small_double": null,
        "bodynumber.operations.NumberOperations.get_small_double": null,
        "bodynumber.aio.operations.NumberOperations.get_small_double": null,
        "bodynumber.operations.NumberOperations.put_small_decimal": null,
        "bodynumber.aio.operations.NumberOperations.put_small_decimal": null,
        "bodynumber.operations.NumberOperations.get_small_decimal": null,
        "bodynumber.aio.operations.NumberOperations.get_small_decimal": null
    }
}