{
    "CrossLanguagePackageId": null,
    "CrossLanguageDefinitionId": {
        "urlmulticollectionformat.models.Error": null,
        "urlmulticollectionformat.operations.QueriesOperations.array_string_multi_null": null,
        "urlmulticollectionformat.aio.operations.QueriesOperations.array_string_multi_null": null,
        "urlmulticollectionformat.operations.QueriesOperations.array_string_multi_empty": null,
        "urlmulticollectionformat.aio.operations.QueriesOperations.array_string_multi_empty": null,
        "urlmulticollectionformat.operations.QueriesOperations.array_string_multi_valid": null,
        "urlmulticollectionformat.aio.operations.QueriesOperations.array_string_multi_valid": null
    }
}