{
    "CrossLanguagePackageId": null,
    "CrossLanguageDefinitionId": {
        "securitykeyswaggercredentialflag.SecurityKeySwaggerCredentialFlag.head": null,
        "securitykeyswaggercredentialflag.aio.SecurityKeySwaggerCredentialFlag.head": null
    }
}