{
    "CrossLanguagePackageId": null,
    "CrossLanguageDefinitionId": {
        "modelflattening.models.BaseProduct": null,
        "modelflattening.models.Error": null,
        "modelflattening.models.Resource": null,
        "modelflattening.models.FlattenedProduct": null,
        "modelflattening.models.FlattenParameterGroup": null,
        "modelflattening.models.GenericUrl": null,
        "modelflattening.models.ProductUrl": null,
        "modelflattening.models.ProductWrapper": null,
        "modelflattening.models.ResourceCollection": null,
        "modelflattening.models.SimpleProduct": null,
        "modelflattening.models.WrappedProduct": null,
        "modelflattening.models.FlattenedProductPropertiesProvisioningStateValues": null,
        "modelflattening.AutoRestResourceFlatteningTestService.put_array": null,
        "modelflattening.aio.AutoRestResourceFlatteningTestService.put_array": null,
        "modelflattening.AutoRestResourceFlatteningTestService.get_array": null,
        "modelflattening.aio.AutoRestResourceFlatteningTestService.get_array": null,
        "modelflattening.AutoRestResourceFlatteningTestService.put_wrapped_array": null,
        "modelflattening.aio.AutoRestResourceFlatteningTestService.put_wrapped_array": null,
        "modelflattening.AutoRestResourceFlatteningTestService.get_wrapped_array": null,
        "modelflattening.aio.AutoRestResourceFlatteningTestService.get_wrapped_array": null,
        "modelflattening.AutoRestResourceFlatteningTestService.put_dictionary": null,
        "modelflattening.aio.AutoRestResourceFlatteningTestService.put_dictionary": null,
        "modelflattening.AutoRestResourceFlatteningTestService.get_dictionary": null,
        "modelflattening.aio.AutoRestResourceFlatteningTestService.get_dictionary": null,
        "modelflattening.AutoRestResourceFlatteningTestService.put_resource_collection": null,
        "modelflattening.aio.AutoRestResourceFlatteningTestService.put_resource_collection": null,
        "modelflattening.AutoRestResourceFlatteningTestService.get_resource_collection": null,
        "modelflattening.aio.AutoRestResourceFlatteningTestService.get_resource_collection": null,
        "modelflattening.AutoRestResourceFlatteningTestService.put_simple_product": null,
        "modelflattening.aio.AutoRestResourceFlatteningTestService.put_simple_product": null,
        "modelflattening.AutoRestResourceFlatteningTestService.post_flattened_simple_product": null,
        "modelflattening.aio.AutoRestResourceFlatteningTestService.post_flattened_simple_product": null,
        "modelflattening.AutoRestResourceFlatteningTestService.put_simple_product_with_grouping": null,
        "modelflattening.aio.AutoRestResourceFlatteningTestService.put_simple_product_with_grouping": null
    }
}