{
    "chosen_version": "2.0.0",
    "total_api_version_list": ["2.0.0"],
    "client": {
        "name": "MultiapiServiceClient",
        "filename": "_multiapi_service_client",
        "description": "Service client for multiapi client testing.",
        "host_value": "\"http://localhost:3000\"",
        "parameterized_host_template": null,
        "azure_arm": true,
        "has_lro_operations": false,
        "client_side_validation": false,
        "sync_imports": "{\"conditional\": {\"azurecore\": {\"azure.core.credentials\": [\"AzureKeyCredential\"]}, \"stdlib\": {\"typing\": [\"Any\", \"Optional\"]}}, \"regular\": {\"azurecore\": {\"azure.profiles\": [\"KnownProfiles\", \"ProfileDefinition\"], \"azure.profiles.multiapiclient\": [\"MultiApiClientMixin\"], \"azure.mgmt.core\": [\"ARMPipelineClient\"]}, \"local\": {\"._configuration\": [\"MultiapiServiceClientConfiguration\"], \"._operations_mixin\": [\"MultiapiServiceClientOperationsMixin\"]}, \"thirdparty\": {\"msrest\": [\"Deserializer\", \"Serializer\"]}}}",
        "async_imports": "{\"conditional\": {\"azurecore\": {\"azure.core.credentials\": [\"AzureKeyCredential\"]}, \"stdlib\": {\"typing\": [\"Any\", \"Optional\"]}}, \"regular\": {\"azurecore\": {\"azure.profiles\": [\"KnownProfiles\", \"ProfileDefinition\"], \"azure.profiles.multiapiclient\": [\"MultiApiClientMixin\"], \"azure.mgmt.core\": [\"AsyncARMPipelineClient\"]}, \"local\": {\"._configuration\": [\"MultiapiServiceClientConfiguration\"], \"._operations_mixin\": [\"MultiapiServiceClientOperationsMixin\"]}, \"thirdparty\": {\"msrest\": [\"Deserializer\", \"Serializer\"]}}}"
    },
    "global_parameters": {
        "sync": {
            "credential": {
                "signature": "credential,  # type: AzureKeyCredential",
                "description": "Credential needed for the client to connect to Azure.",
                "docstring_type": "~azure.core.credentials.AzureKeyCredential",
                "required": true
            }
        },
        "async": {
            "credential": {
                "signature": "credential: AzureKeyCredential,",
                "description": "Credential needed for the client to connect to Azure.",
                "docstring_type": "~azure.core.credentials.AzureKeyCredential",
                "required": true
            }
        },
        "constant": {
        },
        "call": "credential",
        "service_client_specific": {
            "sync": {
                "api_version": {
                    "signature": "api_version=None, # type: Optional[str]",
                    "description": "API version to use if no profile is provided, or if missing in profile.",
                    "docstring_type": "str",
                    "required": false
                },
                "base_url": {
                    "signature": "base_url=\"http://localhost:3000\",  # type: str",
                    "description": "Service URL",
                    "docstring_type": "str",
                    "required": false
                },
                "profile": {
                    "signature": "profile=KnownProfiles.default, # type: KnownProfiles",
                    "description": "A profile definition, from KnownProfiles to dict.",
                    "docstring_type": "azure.profiles.KnownProfiles",
                    "required": false
                }
            },
            "async": {
                "api_version": {
                    "signature": "api_version: Optional[str] = None,",
                    "description": "API version to use if no profile is provided, or if missing in profile.",
                    "docstring_type": "str",
                    "required": false
                },
                "base_url": {
                    "signature": "base_url: str = \"http://localhost:3000\",",
                    "description": "Service URL",
                    "docstring_type": "str",
                    "required": false
                },
                "profile": {
                    "signature": "profile: KnownProfiles = KnownProfiles.default,",
                    "description": "A profile definition, from KnownProfiles to dict.",
                    "docstring_type": "azure.profiles.KnownProfiles",
                    "required": false
                }
            }
        }
    },
    "config": {
        "credential": true,
        "credential_scopes": null,
        "credential_call_sync": "policies.AzureKeyCredentialPolicy(self.credential, \"api-key\", **kwargs)",
        "credential_call_async": "policies.AzureKeyCredentialPolicy(self.credential, \"api-key\", **kwargs)",
        "sync_imports": "{\"regular\": {\"azurecore\": {\"azure.core.configuration\": [\"Configuration\"], \"azure.core.pipeline\": [\"policies\"], \"azure.mgmt.core.policies\": [\"ARMChallengeAuthenticationPolicy\", \"ARMHttpLoggingPolicy\"]}, \"local\": {\"._version\": [\"VERSION\"]}}, \"conditional\": {\"stdlib\": {\"typing\": [\"Any\"]}, \"azurecore\": {\"azure.core.credentials\": [\"AzureKeyCredential\"]}}}",
        "async_imports": "{\"regular\": {\"azurecore\": {\"azure.core.configuration\": [\"Configuration\"], \"azure.core.pipeline\": [\"policies\"], \"azure.mgmt.core.policies\": [\"ARMHttpLoggingPolicy\", \"AsyncARMChallengeAuthenticationPolicy\"]}, \"local\": {\".._version\": [\"VERSION\"]}}, \"conditional\": {\"stdlib\": {\"typing\": [\"Any\"]}, \"azurecore\": {\"azure.core.credentials\": [\"AzureKeyCredential\"]}}}"
    },
    "operation_groups": {
        "operation_group_one": "OperationGroupOneOperations",
        "operation_group_two": "OperationGroupTwoOperations"
    },
    "operation_mixins": {
        "sync_imports": "{\"conditional\": {\"stdlib\": {\"typing\": [\"Any\", \"Optional\"]}}, \"regular\": {\"local\": {\".\": [[\"models\", \"_models\"]]}}}",
        "async_imports": "{\"conditional\": {\"stdlib\": {\"typing\": [\"Any\", \"Optional\"]}}, \"regular\": {\"local\": {\"..\": [[\"models\", \"_models\"]]}}}",
        "operations": {
            "test_one" : {
                "sync": {
                    "signature": "def test_one(\n    self,\n    id,  # type: int\n    message=None,  # type: Optional[str]\n    **kwargs  # type: Any\n):\n    # type: (...) -\u003e _models.ModelTwo\n",
                    "doc": "\"\"\"TestOne should be in an SecondVersionOperationsMixin. Returns ModelTwo.\n\n:param id: An int parameter.\n:type id: int\n:param message: An optional string parameter. Default value is None.\n:type message: str\n:keyword callable cls: A custom type or function that will be passed the direct response\n:return: ModelTwo, or the result of cls(response)\n:rtype: ~multiapicredentialdefaultpolicy.v2.models.ModelTwo\n:raises: ~azure.core.exceptions.HttpResponseError\n\"\"\"",
                    "call": "id, message, **kwargs"
                },
                "async": {
                    "coroutine": true,
                    "signature": "async def test_one(\n    self,\n    id: int,\n    message: Optional[str] = None,\n    **kwargs: Any\n) -\u003e _models.ModelTwo:\n",
                    "doc": "\"\"\"TestOne should be in an SecondVersionOperationsMixin. Returns ModelTwo.\n\n:param id: An int parameter.\n:type id: int\n:param message: An optional string parameter. Default value is None.\n:type message: str\n:keyword callable cls: A custom type or function that will be passed the direct response\n:return: ModelTwo, or the result of cls(response)\n:rtype: ~multiapicredentialdefaultpolicy.v2.models.ModelTwo\n:raises: ~azure.core.exceptions.HttpResponseError\n\"\"\"",
                    "call": "id, message, **kwargs"
                }
            },
            "test_different_calls" : {
                "sync": {
                    "signature": "def test_different_calls(  # pylint: disable=inconsistent-return-statements\n    self,\n    greeting_in_english,  # type: str\n    greeting_in_chinese=None,  # type: Optional[str]\n    **kwargs  # type: Any\n):\n    # type: (...) -\u003e None\n",
                    "doc": "\"\"\"Has added parameters across the API versions.\n\n:param greeting_in_english: pass in \u0027hello\u0027 to pass test.\n:type greeting_in_english: str\n:param greeting_in_chinese: pass in \u0027nihao\u0027 to pass test. Default value is None.\n:type greeting_in_chinese: str\n:keyword callable cls: A custom type or function that will be passed the direct response\n:return: None, or the result of cls(response)\n:rtype: None\n:raises: ~azure.core.exceptions.HttpResponseError\n\"\"\"",
                    "call": "greeting_in_english, greeting_in_chinese, **kwargs"
                },
                "async": {
                    "coroutine": true,
                    "signature": "async def test_different_calls(  # pylint: disable=inconsistent-return-statements\n    self,\n    greeting_in_english: str,\n    greeting_in_chinese: Optional[str] = None,\n    **kwargs: Any\n) -\u003e None:\n",
                    "doc": "\"\"\"Has added parameters across the API versions.\n\n:param greeting_in_english: pass in \u0027hello\u0027 to pass test.\n:type greeting_in_english: str\n:param greeting_in_chinese: pass in \u0027nihao\u0027 to pass test. Default value is None.\n:type greeting_in_chinese: str\n:keyword callable cls: A custom type or function that will be passed the direct response\n:return: None, or the result of cls(response)\n:rtype: None\n:raises: ~azure.core.exceptions.HttpResponseError\n\"\"\"",
                    "call": "greeting_in_english, greeting_in_chinese, **kwargs"
                }
            }
        }
    }
}