{
    "CrossLanguagePackageId": null,
    "CrossLanguageDefinitionId": {
        "requiredoptionalversiontolerant.operations.ImplicitOperations.get_required_path": null,
        "requiredoptionalversiontolerant.aio.operations.ImplicitOperations.get_required_path": null,
        "requiredoptionalversiontolerant.operations.ImplicitOperations.put_optional_query": null,
        "requiredoptionalversiontolerant.aio.operations.ImplicitOperations.put_optional_query": null,
        "requiredoptionalversiontolerant.operations.ImplicitOperations.put_optional_header": null,
        "requiredoptionalversiontolerant.aio.operations.ImplicitOperations.put_optional_header": null,
        "requiredoptionalversiontolerant.operations.ImplicitOperations.put_optional_body": null,
        "requiredoptionalversiontolerant.aio.operations.ImplicitOperations.put_optional_body": null,
        "requiredoptionalversiontolerant.operations.ImplicitOperations.put_optional_binary_body": null,
        "requiredoptionalversiontolerant.aio.operations.ImplicitOperations.put_optional_binary_body": null,
        "requiredoptionalversiontolerant.operations.ImplicitOperations.get_required_global_path": null,
        "requiredoptionalversiontolerant.aio.operations.ImplicitOperations.get_required_global_path": null,
        "requiredoptionalversiontolerant.operations.ImplicitOperations.get_required_global_query": null,
        "requiredoptionalversiontolerant.aio.operations.ImplicitOperations.get_required_global_query": null,
        "requiredoptionalversiontolerant.operations.ImplicitOperations.get_optional_global_query": null,
        "requiredoptionalversiontolerant.aio.operations.ImplicitOperations.get_optional_global_query": null,
        "requiredoptionalversiontolerant.operations.ExplicitOperations.put_optional_binary_body": null,
        "requiredoptionalversiontolerant.aio.operations.ExplicitOperations.put_optional_binary_body": null,
        "requiredoptionalversiontolerant.operations.ExplicitOperations.put_required_binary_body": null,
        "requiredoptionalversiontolerant.aio.operations.ExplicitOperations.put_required_binary_body": null,
        "requiredoptionalversiontolerant.operations.ExplicitOperations.post_required_integer_parameter": null,
        "requiredoptionalversiontolerant.aio.operations.ExplicitOperations.post_required_integer_parameter": null,
        "requiredoptionalversiontolerant.operations.ExplicitOperations.post_optional_integer_parameter": null,
        "requiredoptionalversiontolerant.aio.operations.ExplicitOperations.post_optional_integer_parameter": null,
        "requiredoptionalversiontolerant.operations.ExplicitOperations.post_required_integer_property": null,
        "requiredoptionalversiontolerant.aio.operations.ExplicitOperations.post_required_integer_property": null,
        "requiredoptionalversiontolerant.operations.ExplicitOperations.post_optional_integer_property": null,
        "requiredoptionalversiontolerant.aio.operations.ExplicitOperations.post_optional_integer_property": null,
        "requiredoptionalversiontolerant.operations.ExplicitOperations.post_required_integer_header": null,
        "requiredoptionalversiontolerant.aio.operations.ExplicitOperations.post_required_integer_header": null,
        "requiredoptionalversiontolerant.operations.ExplicitOperations.post_optional_integer_header": null,
        "requiredoptionalversiontolerant.aio.operations.ExplicitOperations.post_optional_integer_header": null,
        "requiredoptionalversiontolerant.operations.ExplicitOperations.post_required_string_parameter": null,
        "requiredoptionalversiontolerant.aio.operations.ExplicitOperations.post_required_string_parameter": null,
        "requiredoptionalversiontolerant.operations.ExplicitOperations.post_optional_string_parameter": null,
        "requiredoptionalversiontolerant.aio.operations.ExplicitOperations.post_optional_string_parameter": null,
        "requiredoptionalversiontolerant.operations.ExplicitOperations.post_required_string_property": null,
        "requiredoptionalversiontolerant.aio.operations.ExplicitOperations.post_required_string_property": null,
        "requiredoptionalversiontolerant.operations.ExplicitOperations.post_optional_string_property": null,
        "requiredoptionalversiontolerant.aio.operations.ExplicitOperations.post_optional_string_property": null,
        "requiredoptionalversiontolerant.operations.ExplicitOperations.post_required_string_header": null,
        "requiredoptionalversiontolerant.aio.operations.ExplicitOperations.post_required_string_header": null,
        "requiredoptionalversiontolerant.operations.ExplicitOperations.post_optional_string_header": null,
        "requiredoptionalversiontolerant.aio.operations.ExplicitOperations.post_optional_string_header": null,
        "requiredoptionalversiontolerant.operations.ExplicitOperations.post_required_class_parameter": null,
        "requiredoptionalversiontolerant.aio.operations.ExplicitOperations.post_required_class_parameter": null,
        "requiredoptionalversiontolerant.operations.ExplicitOperations.post_optional_class_parameter": null,
        "requiredoptionalversiontolerant.aio.operations.ExplicitOperations.post_optional_class_parameter": null,
        "requiredoptionalversiontolerant.operations.ExplicitOperations.post_required_class_property": null,
        "requiredoptionalversiontolerant.aio.operations.ExplicitOperations.post_required_class_property": null,
        "requiredoptionalversiontolerant.operations.ExplicitOperations.post_optional_class_property": null,
        "requiredoptionalversiontolerant.aio.operations.ExplicitOperations.post_optional_class_property": null,
        "requiredoptionalversiontolerant.operations.ExplicitOperations.post_required_array_parameter": null,
        "requiredoptionalversiontolerant.aio.operations.ExplicitOperations.post_required_array_parameter": null,
        "requiredoptionalversiontolerant.operations.ExplicitOperations.post_optional_array_parameter": null,
        "requiredoptionalversiontolerant.aio.operations.ExplicitOperations.post_optional_array_parameter": null,
        "requiredoptionalversiontolerant.operations.ExplicitOperations.post_required_array_property": null,
        "requiredoptionalversiontolerant.aio.operations.ExplicitOperations.post_required_array_property": null,
        "requiredoptionalversiontolerant.operations.ExplicitOperations.post_optional_array_property": null,
        "requiredoptionalversiontolerant.aio.operations.ExplicitOperations.post_optional_array_property": null,
        "requiredoptionalversiontolerant.operations.ExplicitOperations.post_required_array_header": null,
        "requiredoptionalversiontolerant.aio.operations.ExplicitOperations.post_required_array_header": null,
        "requiredoptionalversiontolerant.operations.ExplicitOperations.post_optional_array_header": null,
        "requiredoptionalversiontolerant.aio.operations.ExplicitOperations.post_optional_array_header": null
    }
}