-e ../../../tools/azure-devtools
-e ../../../eng/tools/azure-sdk-tools
../../core/azure-core
aiohttp