{
    "CrossLanguagePackageId": null,
    "CrossLanguageDefinitionId": {
        "nooperations.models.Error": null
    }
}