{
    "chosen_version": "3.0.0",
    "total_api_version_list": ["3.0.0"],
    "client": {
        "name": "MultiapiServiceClient",
        "filename": "_multiapi_service_client",
        "description": "Service client for multiapi client testing.",
        "base_url": "\u0027http://localhost:3000\u0027",
        "custom_base_url": null,
        "azure_arm": true,
        "has_lro_operations": false,
        "client_side_validation": false,
        "sync_imports": "{\"typing\": {\"azurecore\": {\"azure.core.credentials\": [\"TokenCredential\"]}}, \"regular\": {\"azurecore\": {\"azure.profiles\": [\"KnownProfiles\", \"ProfileDefinition\"], \"azure.profiles.multiapiclient\": [\"MultiApiClientMixin\"], \"msrest\": [\"Deserializer\", \"Serializer\"], \"azure.mgmt.core\": [\"ARMPipelineClient\"]}, \"local\": {\"._configuration\": [\"MultiapiServiceClientConfiguration\"], \"._operations_mixin\": [\"MultiapiServiceClientOperationsMixin\"]}}, \"conditional\": {\"stdlib\": {\"typing\": [\"Any\", \"Optional\"]}}}",
        "async_imports": "{\"typing\": {\"azurecore\": {\"azure.core.credentials_async\": [\"AsyncTokenCredential\"], \"azure.core.credentials\": [\"TokenCredential\"]}}, \"regular\": {\"azurecore\": {\"azure.profiles\": [\"KnownProfiles\", \"ProfileDefinition\"], \"azure.profiles.multiapiclient\": [\"MultiApiClientMixin\"], \"msrest\": [\"Deserializer\", \"Serializer\"], \"azure.mgmt.core\": [\"AsyncARMPipelineClient\"]}, \"local\": {\"._configuration\": [\"MultiapiServiceClientConfiguration\"], \"._operations_mixin\": [\"MultiapiServiceClientOperationsMixin\"]}}, \"conditional\": {\"stdlib\": {\"typing\": [\"Any\", \"Optional\"]}}}"
    },
    "global_parameters": {
        "sync": {
            "credential": {
                "signature": "credential,  # type: \"TokenCredential\"",
                "description": "Credential needed for the client to connect to Azure.",
                "docstring_type": "~azure.core.credentials.TokenCredential",
                "required": true
            }
        },
        "async": {
            "credential": {
                "signature": "credential: \"AsyncTokenCredential\",",
                "description": "Credential needed for the client to connect to Azure.",
                "docstring_type": "~azure.core.credentials_async.AsyncTokenCredential",
                "required": true
            }
        },
        "constant": {
        },
        "call": "credential",
        "service_client_specific": {
            "sync": {
                "api_version": {
                    "signature": "api_version=None, # type: Optional[str]",
                    "description": "API version to use if no profile is provided, or if missing in profile.",
                    "docstring_type": "str",
                    "required": false
                },
                "base_url": {
                    "signature": "base_url=None,  # type: Optional[str]",
                    "description": "Service URL",
                    "docstring_type": "str",
                    "required": false
                },
                "profile": {
                    "signature": "profile=KnownProfiles.default, # type: KnownProfiles",
                    "description": "A profile definition, from KnownProfiles to dict.",
                    "docstring_type": "azure.profiles.KnownProfiles",
                    "required": false
                }
            },
            "async": {
                "api_version": {
                    "signature": "api_version: Optional[str] = None,",
                    "description": "API version to use if no profile is provided, or if missing in profile.",
                    "docstring_type": "str",
                    "required": false
                },
                "base_url": {
                    "signature": "base_url: Optional[str] = None,",
                    "description": "Service URL",
                    "docstring_type": "str",
                    "required": false
                },
                "profile": {
                    "signature": "profile: KnownProfiles = KnownProfiles.default,",
                    "description": "A profile definition, from KnownProfiles to dict.",
                    "docstring_type": "azure.profiles.KnownProfiles",
                    "required": false
                }
            }
        }
    },
    "config": {
        "credential": true,
        "credential_scopes": ["https://management.azure.com/.default"],
        "credential_call_sync": "ARMChallengeAuthenticationPolicy(self.credential, *self.credential_scopes, **kwargs)",
        "credential_call_async": "AsyncARMChallengeAuthenticationPolicy(self.credential, *self.credential_scopes, **kwargs)",
        "sync_imports": "{\"regular\": {\"azurecore\": {\"azure.core.configuration\": [\"Configuration\"], \"azure.core.pipeline\": [\"policies\"], \"azure.mgmt.core.policies\": [\"ARMChallengeAuthenticationPolicy\", \"ARMHttpLoggingPolicy\"]}, \"local\": {\"._version\": [\"VERSION\"]}}, \"conditional\": {\"stdlib\": {\"typing\": [\"Any\"]}}, \"typing\": {\"azurecore\": {\"azure.core.credentials\": [\"TokenCredential\"]}}}",
        "async_imports": "{\"regular\": {\"azurecore\": {\"azure.core.configuration\": [\"Configuration\"], \"azure.core.pipeline\": [\"policies\"], \"azure.mgmt.core.policies\": [\"ARMHttpLoggingPolicy\", \"AsyncARMChallengeAuthenticationPolicy\"]}, \"local\": {\".._version\": [\"VERSION\"]}}, \"conditional\": {\"stdlib\": {\"typing\": [\"Any\"]}}, \"typing\": {\"azurecore\": {\"azure.core.credentials_async\": [\"AsyncTokenCredential\"]}}}"
    },
    "operation_groups": {
        "operation_group_one": "OperationGroupOneOperations",
        "operation_group_two": "OperationGroupTwoOperations"
    },
    "operation_mixins": {
        "sync_imports": "{\"conditional\": {\"stdlib\": {\"typing\": [\"Any\", \"Iterable\", \"Optional\"]}, \"azurecore\": {\"azure.core.paging\": [\"ItemPaged\"]}}}",
        "async_imports": "{\"conditional\": {\"stdlib\": {\"typing\": [\"Any\", \"AsyncIterable\", \"Optional\"]}, \"azurecore\": {\"azure.core.async_paging\": [\"AsyncItemPaged\"]}}}",
        "operations": {
            "test_paging" : {
                "sync": {
                    "signature": "def test_paging(\n    self,\n    **kwargs  # type: Any\n):\n    # type: (...) -\u003e Iterable[\"_models.PagingResult\"]\n",
                    "doc": "\"\"\"Returns ModelThree with optionalProperty \u0027paged\u0027.\n\n:keyword callable cls: A custom type or function that will be passed the direct response\n:return: An iterator like instance of either PagingResult or the result of cls(response)\n:rtype: ~azure.core.paging.ItemPaged[~multiapi.v3.models.PagingResult]\n:raises: ~azure.core.exceptions.HttpResponseError\n\"\"\""
                },
                "async": {
                    "coroutine": false,
                    "signature": "def test_paging(\n    self,\n    **kwargs: Any\n) -\u003e AsyncIterable[\"_models.PagingResult\"]:\n",
                    "doc": "\"\"\"Returns ModelThree with optionalProperty \u0027paged\u0027.\n\n:keyword callable cls: A custom type or function that will be passed the direct response\n:return: An iterator like instance of either PagingResult or the result of cls(response)\n:rtype: ~azure.core.async_paging.AsyncItemPaged[~multiapi.v3.models.PagingResult]\n:raises: ~azure.core.exceptions.HttpResponseError\n\"\"\""
                },
                "call": ""
            },
            "test_different_calls" : {
                "sync": {
                    "signature": "def test_different_calls(\n    self,\n    greeting_in_english,  # type: str\n    greeting_in_chinese=None,  # type: Optional[str]\n    greeting_in_french=None,  # type: Optional[str]\n    **kwargs  # type: Any\n):\n    # type: (...) -\u003e None\n",
                    "doc": "\"\"\"Has added parameters across the API versions.\n\n:param greeting_in_english: pass in \u0027hello\u0027 to pass test.\n:type greeting_in_english: str\n:param greeting_in_chinese: pass in \u0027nihao\u0027 to pass test.\n:type greeting_in_chinese: str\n:param greeting_in_french: pass in \u0027bonjour\u0027 to pass test.\n:type greeting_in_french: str\n:keyword callable cls: A custom type or function that will be passed the direct response\n:return: None, or the result of cls(response)\n:rtype: None\n:raises: ~azure.core.exceptions.HttpResponseError\n\"\"\""
                },
                "async": {
                    "coroutine": true,
                    "signature": "async def test_different_calls(\n    self,\n    greeting_in_english: str,\n    greeting_in_chinese: Optional[str] = None,\n    greeting_in_french: Optional[str] = None,\n    **kwargs: Any\n) -\u003e None:\n",
                    "doc": "\"\"\"Has added parameters across the API versions.\n\n:param greeting_in_english: pass in \u0027hello\u0027 to pass test.\n:type greeting_in_english: str\n:param greeting_in_chinese: pass in \u0027nihao\u0027 to pass test.\n:type greeting_in_chinese: str\n:param greeting_in_french: pass in \u0027bonjour\u0027 to pass test.\n:type greeting_in_french: str\n:keyword callable cls: A custom type or function that will be passed the direct response\n:return: None, or the result of cls(response)\n:rtype: None\n:raises: ~azure.core.exceptions.HttpResponseError\n\"\"\""
                },
                "call": "greeting_in_english, greeting_in_chinese, greeting_in_french"
            }
        }
    }
}