{
    "CrossLanguagePackageId": null,
    "CrossLanguageDefinitionId": {
        "securityaadswaggercredentialflag.SecurityAadSwaggerCredentialFlag.head": null,
        "securityaadswaggercredentialflag.aio.SecurityAadSwaggerCredentialFlag.head": null
    }
}