{
    "CrossLanguagePackageId": null,
    "CrossLanguageDefinitionId": {
        "multiapicredentialdefaultpolicy.v1.models.Error": null,
        "multiapicredentialdefaultpolicy.v1.models.PagingResult": null,
        "multiapicredentialdefaultpolicy.v1.models.Product": null,
        "multiapicredentialdefaultpolicy.v1.models.TestLroAndPagingOptions": null,
        "multiapicredentialdefaultpolicy.v1.MultiapiServiceClient.test_one": null,
        "multiapicredentialdefaultpolicy.v1.aio.MultiapiServiceClient.test_one": null,
        "multiapicredentialdefaultpolicy.v1.MultiapiServiceClient.begin_test_lro": null,
        "multiapicredentialdefaultpolicy.v1.aio.MultiapiServiceClient.begin_test_lro": null,
        "multiapicredentialdefaultpolicy.v1.MultiapiServiceClient.begin_test_lro_and_paging": null,
        "multiapicredentialdefaultpolicy.v1.aio.MultiapiServiceClient.begin_test_lro_and_paging": null,
        "multiapicredentialdefaultpolicy.v1.MultiapiServiceClient.test_different_calls": null,
        "multiapicredentialdefaultpolicy.v1.aio.MultiapiServiceClient.test_different_calls": null,
        "multiapicredentialdefaultpolicy.v1.operations.OperationGroupOneOperations.test_two": null,
        "multiapicredentialdefaultpolicy.v1.aio.operations.OperationGroupOneOperations.test_two": null
    }
}