{
    "chosen_version": "0.0.0",
    "total_api_version_list": ["0.0.0"],
    "client": {
        "name": "MultiapiServiceClient",
        "filename": "_multiapi_service_client",
        "description": "Service client for multiapi client testing.",
        "host_value": "\"http://localhost:3000\"",
        "parameterized_host_template": null,
        "azure_arm": false,
        "has_lro_operations": false,
        "client_side_validation": false,
        "sync_imports": "{\"regular\": {\"thirdparty\": {\"msrest\": [\"Deserializer\", \"Serializer\"]}, \"azurecore\": {\"azure.core\": [\"PipelineClient\"], \"azure.profiles\": [\"KnownProfiles\", \"ProfileDefinition\"], \"azure.profiles.multiapiclient\": [\"MultiApiClientMixin\"]}, \"local\": {\"._configuration\": [\"MultiapiServiceClientConfiguration\"]}}, \"conditional\": {\"stdlib\": {\"typing\": [\"Any\", \"Optional\"]}}, \"typing\": {\"azurecore\": {\"azure.core.credentials\": [\"TokenCredential\"]}}}",
        "async_imports": "{\"regular\": {\"thirdparty\": {\"msrest\": [\"Deserializer\", \"Serializer\"]}, \"azurecore\": {\"azure.core\": [\"AsyncPipelineClient\"], \"azure.profiles\": [\"KnownProfiles\", \"ProfileDefinition\"], \"azure.profiles.multiapiclient\": [\"MultiApiClientMixin\"]}, \"local\": {\"._configuration\": [\"MultiapiServiceClientConfiguration\"]}}, \"conditional\": {\"stdlib\": {\"typing\": [\"Any\", \"Optional\"]}}, \"typing\": {\"azurecore\": {\"azure.core.credentials_async\": [\"AsyncTokenCredential\"]}}}"
    },
    "global_parameters": {
        "sync": {
            "credential": {
                "signature": "credential,  # type: \"TokenCredential\"",
                "description": "Credential needed for the client to connect to Azure. Required.",
                "docstring_type": "~azure.core.credentials.TokenCredential",
                "required": true
            }
        },
        "async": {
            "credential": {
                "signature": "credential: \"AsyncTokenCredential\",",
                "description": "Credential needed for the client to connect to Azure. Required.",
                "docstring_type": "~azure.core.credentials_async.AsyncTokenCredential",
                "required": true
            }
        },
        "constant": {
        },
        "call": "credential",
        "service_client_specific": {
            "sync": {
                "api_version": {
                    "signature": "api_version=None, # type: Optional[str]",
                    "description": "API version to use if no profile is provided, or if missing in profile.",
                    "docstring_type": "str",
                    "required": false
                },
                "base_url": {
                    "signature": "base_url=\"http://localhost:3000\",  # type: str",
                    "description": "Service URL",
                    "docstring_type": "str",
                    "required": false
                },
                "profile": {
                    "signature": "profile=KnownProfiles.default, # type: KnownProfiles",
                    "description": "A profile definition, from KnownProfiles to dict.",
                    "docstring_type": "azure.profiles.KnownProfiles",
                    "required": false
                }
            },
            "async": {
                "api_version": {
                    "signature": "api_version: Optional[str] = None,",
                    "description": "API version to use if no profile is provided, or if missing in profile.",
                    "docstring_type": "str",
                    "required": false
                },
                "base_url": {
                    "signature": "base_url: str = \"http://localhost:3000\",",
                    "description": "Service URL",
                    "docstring_type": "str",
                    "required": false
                },
                "profile": {
                    "signature": "profile: KnownProfiles = KnownProfiles.default,",
                    "description": "A profile definition, from KnownProfiles to dict.",
                    "docstring_type": "azure.profiles.KnownProfiles",
                    "required": false
                }
            }
        }
    },
    "config": {
        "credential": true,
        "credential_scopes": ["https://management.azure.com/.default"],
        "credential_call_sync": "policies.BearerTokenCredentialPolicy(self.credential, *self.credential_scopes, **kwargs)",
        "credential_call_async": "policies.AsyncBearerTokenCredentialPolicy(self.credential, *self.credential_scopes, **kwargs)",
        "sync_imports": "{\"regular\": {\"azurecore\": {\"azure.core.configuration\": [\"Configuration\"], \"azure.core.pipeline\": [\"policies\"]}, \"local\": {\"._version\": [\"VERSION\"]}}, \"conditional\": {\"stdlib\": {\"typing\": [\"Any\"]}}, \"typing\": {\"azurecore\": {\"azure.core.credentials\": [\"TokenCredential\"]}}}",
        "async_imports": "{\"regular\": {\"azurecore\": {\"azure.core.configuration\": [\"Configuration\"], \"azure.core.pipeline\": [\"policies\"]}, \"local\": {\".._version\": [\"VERSION\"]}}, \"conditional\": {\"stdlib\": {\"typing\": [\"Any\"]}}, \"typing\": {\"azurecore\": {\"azure.core.credentials_async\": [\"AsyncTokenCredential\"]}}}"
    },
    "operation_groups": {
        "operation_group_one": "OperationGroupOneOperations"
    }
}