{
    "CrossLanguagePackageId": null,
    "CrossLanguageDefinitionId": {
        "securitykeyswaggerversiontolerant.AutorestSecurityKey.head": null,
        "securitykeyswaggerversiontolerant.aio.AutorestSecurityKey.head": null
    }
}