{
    "CrossLanguagePackageId": null,
    "CrossLanguageDefinitionId": {
        "custompollerpager.models.BodyParam": null,
        "custompollerpager.models.CustomParameterGroup": null,
        "custompollerpager.models.OdataProductResult": null,
        "custompollerpager.models.OperationResult": null,
        "custompollerpager.models.PagingGetMultiplePagesLroOptions": null,
        "custompollerpager.models.PagingGetMultiplePagesOptions": null,
        "custompollerpager.models.PagingGetMultiplePagesWithOffsetOptions": null,
        "custompollerpager.models.PagingGetOdataMultiplePagesOptions": null,
        "custompollerpager.models.Product": null,
        "custompollerpager.models.ProductProperties": null,
        "custompollerpager.models.ProductResult": null,
        "custompollerpager.models.ProductResultValue": null,
        "custompollerpager.models.ProductResultValueWithXMSClientName": null,
        "custompollerpager.models.OperationResultStatus": null,
        "custompollerpager.operations.PagingOperations.get_no_item_name_pages": null,
        "custompollerpager.aio.operations.PagingOperations.get_no_item_name_pages": null,
        "custompollerpager.operations.PagingOperations.get_empty_next_link_name_pages": null,
        "custompollerpager.aio.operations.PagingOperations.get_empty_next_link_name_pages": null,
        "custompollerpager.operations.PagingOperations.get_null_next_link_name_pages": null,
        "custompollerpager.aio.operations.PagingOperations.get_null_next_link_name_pages": null,
        "custompollerpager.operations.PagingOperations.get_single_pages": null,
        "custompollerpager.aio.operations.PagingOperations.get_single_pages": null,
        "custompollerpager.operations.PagingOperations.get_single_pages_with_body_params": null,
        "custompollerpager.aio.operations.PagingOperations.get_single_pages_with_body_params": null,
        "custompollerpager.operations.PagingOperations.first_response_empty": null,
        "custompollerpager.aio.operations.PagingOperations.first_response_empty": null,
        "custompollerpager.operations.PagingOperations.get_multiple_pages": null,
        "custompollerpager.aio.operations.PagingOperations.get_multiple_pages": null,
        "custompollerpager.operations.PagingOperations.get_with_query_params": null,
        "custompollerpager.aio.operations.PagingOperations.get_with_query_params": null,
        "custompollerpager.operations.PagingOperations.duplicate_params": null,
        "custompollerpager.aio.operations.PagingOperations.duplicate_params": null,
        "custompollerpager.operations.PagingOperations.page_with_max_page_size": null,
        "custompollerpager.aio.operations.PagingOperations.page_with_max_page_size": null,
        "custompollerpager.operations.PagingOperations.get_odata_multiple_pages": null,
        "custompollerpager.aio.operations.PagingOperations.get_odata_multiple_pages": null,
        "custompollerpager.operations.PagingOperations.get_multiple_pages_with_offset": null,
        "custompollerpager.aio.operations.PagingOperations.get_multiple_pages_with_offset": null,
        "custompollerpager.operations.PagingOperations.get_multiple_pages_retry_first": null,
        "custompollerpager.aio.operations.PagingOperations.get_multiple_pages_retry_first": null,
        "custompollerpager.operations.PagingOperations.get_multiple_pages_retry_second": null,
        "custompollerpager.aio.operations.PagingOperations.get_multiple_pages_retry_second": null,
        "custompollerpager.operations.PagingOperations.get_single_pages_failure": null,
        "custompollerpager.aio.operations.PagingOperations.get_single_pages_failure": null,
        "custompollerpager.operations.PagingOperations.get_multiple_pages_failure": null,
        "custompollerpager.aio.operations.PagingOperations.get_multiple_pages_failure": null,
        "custompollerpager.operations.PagingOperations.get_multiple_pages_failure_uri": null,
        "custompollerpager.aio.operations.PagingOperations.get_multiple_pages_failure_uri": null,
        "custompollerpager.operations.PagingOperations.get_multiple_pages_fragment_next_link": null,
        "custompollerpager.aio.operations.PagingOperations.get_multiple_pages_fragment_next_link": null,
        "custompollerpager.operations.PagingOperations.get_multiple_pages_fragment_with_grouping_next_link": null,
        "custompollerpager.aio.operations.PagingOperations.get_multiple_pages_fragment_with_grouping_next_link": null,
        "custompollerpager.operations.PagingOperations.begin_get_multiple_pages_lro": null,
        "custompollerpager.aio.operations.PagingOperations.begin_get_multiple_pages_lro": null,
        "custompollerpager.operations.PagingOperations.append_api_version": null,
        "custompollerpager.aio.operations.PagingOperations.append_api_version": null,
        "custompollerpager.operations.PagingOperations.replace_api_version": null,
        "custompollerpager.aio.operations.PagingOperations.replace_api_version": null,
        "custompollerpager.operations.PagingOperations.get_paging_model_with_item_name_with_xms_client_name": null,
        "custompollerpager.aio.operations.PagingOperations.get_paging_model_with_item_name_with_xms_client_name": null
    }
}